cargo :     Blocking waiting for file lock on artifact directory
所在位置 行:1 字符: 49
+ ... ticCrawler; cargo test -p acrawl-tui tool_pairing -- --nocapture 2>&1 ...
+                 ~~~~~~~~~~~~~~~~~~~~~~~~~~~~~~~~~~~~~~~~~~~~~~~~~~~~~~~~~
    + CategoryInfo          : NotSpecified: (    Blocking wa...ifact directory:String) [], RemoteException
    + FullyQualifiedErrorId : NativeCommandError
 
   Compiling runtime v0.7.2 (C:\Users\light\Desktop\Build\AgenticCrawler\crates\runtime)
   Compiling commands v0.7.2 (C:\Users\light\Desktop\Build\AgenticCrawler\crates\commands)
   Compiling agent v0.7.2 (C:\Users\light\Desktop\Build\AgenticCrawler\crates\agent)
   Compiling render v0.7.2 (C:\Users\light\Desktop\Build\AgenticCrawler\crates\render)
   Compiling acrawl-tui v0.7.2 (C:\Users\light\Desktop\Build\AgenticCrawler\crates\tui)
    Finished `test` profile [unoptimized + debuginfo] target(s) in 25.46s
     Running unittests src\lib.rs (target\debug\deps\acrawl_tui-9a1965a56b7f5627.exe)

running 4 tests
test tool_pairing::tests::test_empty_messages ... ok
test tool_pairing::tests::test_error_tool_flagged ... ok
test tool_pairing::tests::test_paired_tool_found_in_index ... ok
test tool_pairing::tests::test_unmatched_tool_not_in_index ... ok

test result: ok. 4 passed; 0 failed; 0 ignored; 0 measured; 200 filtered out; finished in 0.00s

